<?xml version="1.0" encoding="UTF-8"?>
<testsuites name="jest tests" tests="1" failures="0" errors="0" time="2.982">
  <testsuite name="undefined" errors="0" failures="0" skipped="0" timestamp="2021-02-16T16:26:13" time="1.056" tests="1">
    <testcase classname=" renders loading spinner" name=" renders loading spinner" time="0.132">
    </testcase>
  </testsuite>
</testsuites>